╭───────────────────────────────────────────────────────╮
│ ai-chat-cli v1.0.2 [dark]                             │
│ ┌─────┐                                               │
│ │     │                                               │
│ │     │                                               │
│ │     │                                               │
│ │hello│                                               │
│ │world│                                               │
│ │     │                                               │
│ │     │                                               │
│ │     │                                               │
│ └─────┘                                               │
│ ────────────────                                      │
│ You: Ask me anyt                                      │
│ Ctrl+C / Esc: quit | PgUp/PgDn: scroll | ↑/↓: history │
╰───────────────────────────────────────────────────────╯
